[1/3] Loading records from all-records-lite.json...
  Total records in file: 51568
  Canonical set (valid & non-dup): 37637
  Index already exists. Checking...
  Incremental: 21637 new. Keeping 16000, embedding 21637.

[2/3] Embedding 21637 records (batch_size=64)...
Loading weights:   0%|          | 0/391 [00:00<?, ?it/s]Loading weights: 100%|██████████| 391/391 [00:00<00:00, 11184.43it/s]
  [64/21637] Batch 1/339 | 2.2/s ETA=164min
  [704/21637] Batch 11/339 | 1.1/s ETA=320min
  [1344/21637] Batch 21/339 | 1.0/s ETA=341min
  [1984/21637] Batch 31/339 | 0.9/s ETA=358min
  [2624/21637] Batch 41/339 | 0.9/s ETA=343min
  💾 Saved index: 19200 records (3200 new + 16000 existing)
  [3264/21637] Batch 51/339 | 1.0/s ETA=315min
  [3904/21637] Batch 61/339 | 1.0/s ETA=308min
  [4544/21637] Batch 71/339 | 1.0/s ETA=299min
  [5184/21637] Batch 81/339 | 0.9/s ETA=290min
  [5824/21637] Batch 91/339 | 0.9/s ETA=281min
  💾 Saved index: 22400 records (6400 new + 16000 existing)
  [6464/21637] Batch 101/339 | 0.9/s ETA=268min
  [7104/21637] Batch 111/339 | 0.9/s ETA=268min
  [7744/21637] Batch 121/339 | 0.9/s ETA=254min
  [8384/21637] Batch 131/339 | 0.9/s ETA=242min
  [9024/21637] Batch 141/339 | 0.9/s ETA=241min
